Archive member included to satisfy reference by file (symbol)

d:/gcc-arm-none-eabi/bin/../lib/gcc/arm-none-eabi/10.3.1/thumb/v7e-m/nofp\libgcc.a(_aeabi_uldivmod.o)
                              CMakeFiles/STM32F401RC.elf.dir/Drivers/STM32F4xx_HAL_Driver/Src/stm32f4xx_hal_rcc.c.obj (__aeabi_uldivmod)
d:/gcc-arm-none-eabi/bin/../lib/gcc/arm-none-eabi/10.3.1/thumb/v7e-m/nofp\libgcc.a(_udivmoddi4.o)
                              d:/gcc-arm-none-eabi/bin/../lib/gcc/arm-none-eabi/10.3.1/thumb/v7e-m/nofp\libgcc.a(_aeabi_uldivmod.o) (__udivmoddi4)
d:/gcc-arm-none-eabi/bin/../lib/gcc/arm-none-eabi/10.3.1/thumb/v7e-m/nofp\libgcc.a(_dvmd_tls.o)
                              d:/gcc-arm-none-eabi/bin/../lib/gcc/arm-none-eabi/10.3.1/thumb/v7e-m/nofp\libgcc.a(_aeabi_uldivmod.o) (__aeabi_ldiv0)
d:/gcc-arm-none-eabi/bin/../lib/gcc/arm-none-eabi/10.3.1/../../../../arm-none-eabi/lib/thumb/v7e-m/nofp\libg.a(lib_a-errno.o)
                              CMakeFiles/STM32F401RC.elf.dir/Core/Src/syscalls.c.obj (__errno)
d:/gcc-arm-none-eabi/bin/../lib/gcc/arm-none-eabi/10.3.1/../../../../arm-none-eabi/lib/thumb/v7e-m/nofp\libg.a(lib_a-exit.o)
                              d:/gcc-arm-none-eabi/bin/../lib/gcc/arm-none-eabi/10.3.1/../../../../arm-none-eabi/lib/thumb/v7e-m/nofp/crt0.o (exit)
d:/gcc-arm-none-eabi/bin/../lib/gcc/arm-none-eabi/10.3.1/../../../../arm-none-eabi/lib/thumb/v7e-m/nofp\libg.a(lib_a-impure.o)
                              d:/gcc-arm-none-eabi/bin/../lib/gcc/arm-none-eabi/10.3.1/../../../../arm-none-eabi/lib/thumb/v7e-m/nofp\libg.a(lib_a-exit.o) (_global_impure_ptr)
d:/gcc-arm-none-eabi/bin/../lib/gcc/arm-none-eabi/10.3.1/../../../../arm-none-eabi/lib/thumb/v7e-m/nofp\libg.a(lib_a-init.o)
                              d:/gcc-arm-none-eabi/bin/../lib/gcc/arm-none-eabi/10.3.1/../../../../arm-none-eabi/lib/thumb/v7e-m/nofp/crt0.o (__libc_init_array)
d:/gcc-arm-none-eabi/bin/../lib/gcc/arm-none-eabi/10.3.1/../../../../arm-none-eabi/lib/thumb/v7e-m/nofp\libg.a(lib_a-memset.o)
                              d:/gcc-arm-none-eabi/bin/../lib/gcc/arm-none-eabi/10.3.1/../../../../arm-none-eabi/lib/thumb/v7e-m/nofp/crt0.o (memset)
d:/gcc-arm-none-eabi/bin/../lib/gcc/arm-none-eabi/10.3.1/../../../../arm-none-eabi/lib/thumb/v7e-m/nofp\libg.a(lib_a-__call_atexit.o)
                              d:/gcc-arm-none-eabi/bin/../lib/gcc/arm-none-eabi/10.3.1/../../../../arm-none-eabi/lib/thumb/v7e-m/nofp\libg.a(lib_a-exit.o) (__call_exitprocs)
d:/gcc-arm-none-eabi/bin/../lib/gcc/arm-none-eabi/10.3.1/../../../../arm-none-eabi/lib/thumb/v7e-m/nofp\libg.a(lib_a-atexit.o)
                              d:/gcc-arm-none-eabi/bin/../lib/gcc/arm-none-eabi/10.3.1/../../../../arm-none-eabi/lib/thumb/v7e-m/nofp\libg.a(lib_a-__call_atexit.o) (atexit)
d:/gcc-arm-none-eabi/bin/../lib/gcc/arm-none-eabi/10.3.1/../../../../arm-none-eabi/lib/thumb/v7e-m/nofp\libg.a(lib_a-fini.o)
                              d:/gcc-arm-none-eabi/bin/../lib/gcc/arm-none-eabi/10.3.1/../../../../arm-none-eabi/lib/thumb/v7e-m/nofp\libg.a(lib_a-__call_atexit.o) (__libc_fini_array)
d:/gcc-arm-none-eabi/bin/../lib/gcc/arm-none-eabi/10.3.1/../../../../arm-none-eabi/lib/thumb/v7e-m/nofp\libg.a(lib_a-lock.o)
                              d:/gcc-arm-none-eabi/bin/../lib/gcc/arm-none-eabi/10.3.1/../../../../arm-none-eabi/lib/thumb/v7e-m/nofp\libg.a(lib_a-__call_atexit.o) (__retarget_lock_acquire_recursive)
d:/gcc-arm-none-eabi/bin/../lib/gcc/arm-none-eabi/10.3.1/../../../../arm-none-eabi/lib/thumb/v7e-m/nofp\libg.a(lib_a-__atexit.o)
                              d:/gcc-arm-none-eabi/bin/../lib/gcc/arm-none-eabi/10.3.1/../../../../arm-none-eabi/lib/thumb/v7e-m/nofp\libg.a(lib_a-atexit.o) (__register_exitproc)

Discarded input sections

 .text          0x00000000        0x0 d:/gcc-arm-none-eabi/bin/../lib/gcc/arm-none-eabi/10.3.1/thumb/v7e-m/nofp/crti.o
 .data          0x00000000        0x0 d:/gcc-arm-none-eabi/bin/../lib/gcc/arm-none-eabi/10.3.1/thumb/v7e-m/nofp/crti.o
 .bss           0x00000000        0x0 d:/gcc-arm-none-eabi/bin/../lib/gcc/arm-none-eabi/10.3.1/thumb/v7e-m/nofp/crti.o
 .data          0x00000000        0x4 d:/gcc-arm-none-eabi/bin/../lib/gcc/arm-none-eabi/10.3.1/thumb/v7e-m/nofp/crtbegin.o
 .rodata        0x00000000       0x24 d:/gcc-arm-none-eabi/bin/../lib/gcc/arm-none-eabi/10.3.1/thumb/v7e-m/nofp/crtbegin.o
 .text          0x00000000       0x7c d:/gcc-arm-none-eabi/bin/../lib/gcc/arm-none-eabi/10.3.1/../../../../arm-none-eabi/lib/thumb/v7e-m/nofp/crt0.o
 .data          0x00000000        0x0 d:/gcc-arm-none-eabi/bin/../lib/gcc/arm-none-eabi/10.3.1/../../../../arm-none-eabi/lib/thumb/v7e-m/nofp/crt0.o
 .bss           0x00000000        0x0 d:/gcc-arm-none-eabi/bin/../lib/gcc/arm-none-eabi/10.3.1/../../../../arm-none-eabi/lib/thumb/v7e-m/nofp/crt0.o
 .ARM.extab     0x00000000        0x0 d:/gcc-arm-none-eabi/bin/../lib/gcc/arm-none-eabi/10.3.1/../../../../arm-none-eabi/lib/thumb/v7e-m/nofp/crt0.o
[...]
Memory Configuration

Name             Origin             Length             Attributes
RAM              0x20000000         0x00010000         xrw
FLASH            0x08000000         0x00040000         xr
*default*        0x00000000         0xffffffff

Linker script and memory map

LOAD d:/gcc-arm-none-eabi/bin/../lib/gcc/arm-none-eabi/10.3.1/thumb/v7e-m/nofp/crti.o
LOAD d:/gcc-arm-none-eabi/bin/../lib/gcc/arm-none-eabi/10.3.1/thumb/v7e-m/nofp/crtbegin.o
LOAD d:/gcc-arm-none-eabi/bin/../lib/gcc/arm-none-eabi/10.3.1/../../../../arm-none-eabi/lib/thumb/v7e-m/nofp/crt0.o
LOAD CMakeFiles/STM32F401RC.elf.dir/Core/Src/gpio.c.obj
LOAD CMakeFiles/STM32F401RC.elf.dir/Core/Src/main.c.obj
LOAD CMakeFiles/STM32F401RC.elf.dir/Core/Src/stm32f4xx_hal_msp.c.obj
LOAD CMakeFiles/STM32F401RC.elf.dir/Core/Src/stm32f4xx_it.c.obj
LOAD CMakeFiles/STM32F401RC.elf.dir/Core/Src/syscalls.c.obj
LOAD CMakeFiles/STM32F401RC.elf.dir/Core/Src/system_stm32f4xx.c.obj
LOAD CMakeFiles/STM32F401RC.elf.dir/Drivers/STM32F4xx_HAL_Driver/Src/stm32f4xx_hal.c.obj
LOAD CMakeFiles/STM32F401RC.elf.dir/Drivers/STM32F4xx_HAL_Driver/Src/stm32f4xx_hal_cortex.c.obj
LOAD CMakeFiles/STM32F401RC.elf.dir/Drivers/STM32F4xx_HAL_Driver/Src/stm32f4xx_hal_dma.c.obj
LOAD CMakeFiles/STM32F401RC.elf.dir/Drivers/STM32F4xx_HAL_Driver/Src/stm32f4xx_hal_dma_ex.c.obj
LOAD CMakeFiles/STM32F401RC.elf.dir/Drivers/STM32F4xx_HAL_Driver/Src/stm32f4xx_hal_exti.c.obj
LOAD CMakeFiles/STM32F401RC.elf.dir/Drivers/STM32F4xx_HAL_Driver/Src/stm32f4xx_hal_flash.c.obj
LOAD CMakeFiles/STM32F401RC.elf.dir/Drivers/STM32F4xx_HAL_Driver/Src/stm32f4xx_hal_flash_ex.c.obj
LOAD CMakeFiles/STM32F401RC.elf.dir/Drivers/STM32F4xx_HAL_Driver/Src/stm32f4xx_hal_flash_ramfunc.c.obj
LOAD CMakeFiles/STM32F401RC.elf.dir/Drivers/STM32F4xx_HAL_Driver/Src/stm32f4xx_hal_gpio.c.obj
LOAD CMakeFiles/STM32F401RC.elf.dir/Drivers/STM32F4xx_HAL_Driver/Src/stm32f4xx_hal_pwr.c.obj
LOAD CMakeFiles/STM32F401RC.elf.dir/Drivers/STM32F4xx_HAL_Driver/Src/stm32f4xx_hal_pwr_ex.c.obj
LOAD CMakeFiles/STM32F401RC.elf.dir/Drivers/STM32F4xx_HAL_Driver/Src/stm32f4xx_hal_rcc.c.obj
LOAD CMakeFiles/STM32F401RC.elf.dir/Drivers/STM32F4xx_HAL_Driver/Src/stm32f4xx_hal_rcc_ex.c.obj
LOAD CMakeFiles/STM32F401RC.elf.dir/Drivers/STM32F4xx_HAL_Driver/Src/stm32f4xx_hal_tim.c.obj
LOAD CMakeFiles/STM32F401RC.elf.dir/Drivers/STM32F4xx_HAL_Driver/Src/stm32f4xx_hal_tim_ex.c.obj
LOAD CMakeFiles/STM32F401RC.elf.dir/startup/startup_stm32f401xc.s.obj
START GROUP
LOAD d:/gcc-arm-none-eabi/bin/../lib/gcc/arm-none-eabi/10.3.1/thumb/v7e-m/nofp\libgcc.a
LOAD d:/gcc-arm-none-eabi/bin/../lib/gcc/arm-none-eabi/10.3.1/../../../../arm-none-eabi/lib/thumb/v7e-m/nofp\libg.a
LOAD d:/gcc-arm-none-eabi/bin/../lib/gcc/arm-none-eabi/10.3.1/../../../../arm-none-eabi/lib/thumb/v7e-m/nofp\libc.a
END GROUP
LOAD d:/gcc-arm-none-eabi/bin/../lib/gcc/arm-none-eabi/10.3.1/thumb/v7e-m/nofp/crtend.o
LOAD d:/gcc-arm-none-eabi/bin/../lib/gcc/arm-none-eabi/10.3.1/thumb/v7e-m/nofp/crtn.o
                0x20010000                _estack = 0x20010000
                0x00000200                _Min_Heap_Size = 0x200
                0x00000400                _Min_Stack_Size = 0x400

.isr_vector     0x08000000      0x194
                0x08000000                . = ALIGN (0x4)
 *(.isr_vector)
 .isr_vector    0x08000000      0x194 CMakeFiles/STM32F401RC.elf.dir/startup/startup_stm32f401xc.s.obj
                0x08000000                g_pfnVectors
                0x08000194                . = ALIGN (0x4)

.text           0x08000194     0x1044
                0x08000194                . = ALIGN (0x4)
 *(.text)
 .text          0x08000194       0x40 d:/gcc-arm-none-eabi/bin/../lib/gcc/arm-none-eabi/10.3.1/thumb/v7e-m/nofp/crtbegin.o
 .text          0x080001d4       0x30 d:/gcc-arm-none-eabi/bin/../lib/gcc/arm-none-eabi/10.3.1/thumb/v7e-m/nofp\libgcc.a(_aeabi_uldivmod.o)
                0x080001d4                __aeabi_uldivmod
 .text          0x08000204      0x2d0 d:/gcc-arm-none-eabi/bin/../lib/gcc/arm-none-eabi/10.3.1/thumb/v7e-m/nofp\libgcc.a(_udivmoddi4.o)
                0x08000204                __udivmoddi4
 .text          0x080004d4        0x4 d:/gcc-arm-none-eabi/bin/../lib/gcc/arm-none-eabi/10.3.1/thumb/v7e-m/nofp\libgcc.a(_dvmd_tls.o)
                0x080004d4                __aeabi_idiv0
                0x080004d4                __aeabi_ldiv0
 *(.text*)
 .text.MX_GPIO_Init
                0x080004d8       0x58 CMakeFiles/STM32F401RC.elf.dir/Core/Src/gpio.c.obj
                0x080004d8                MX_GPIO_Init
 .text.Error_Handler
                0x08000530        0x4 CMakeFiles/STM32F401RC.elf.dir/Core/Src/main.c.obj
                0x08000530                Error_Handler
 .text.SystemClock_Config
                0x08000534       0x8c CMakeFiles/STM32F401RC.elf.dir/Core/Src/main.c.obj
                0x08000534                SystemClock_Config
 .text.main     0x080005c0       0x28 CMakeFiles/STM32F401RC.elf.dir/Core/Src/main.c.obj
                0x080005c0                main
 .text.HAL_MspInit
                0x080005e8       0x38 CMakeFiles/STM32F401RC.elf.dir/Core/Src/stm32f4xx_hal_msp.c.obj
                0x080005e8                HAL_MspInit
 .text.NMI_Handler
                0x08000620        0x2 CMakeFiles/STM32F401RC.elf.dir/Core/Src/stm32f4xx_it.c.obj
                0x08000620                NMI_Handler
 .text.HardFault_Handler
                0x08000622        0x2 CMakeFiles/STM32F401RC.elf.dir/Core/Src/stm32f4xx_it.c.obj
                0x08000622                HardFault_Handler
 .text.MemManage_Handler
                0x08000624        0x2 CMakeFiles/STM32F401RC.elf.dir/Core/Src/stm32f4xx_it.c.obj
                0x08000624                MemManage_Handler
 .text.BusFault_Handler
                0x08000626        0x2 CMakeFiles/STM32F401RC.elf.dir/Core/Src/stm32f4xx_it.c.obj
                0x08000626                BusFault_Handler
 .text.UsageFault_Handler
                0x08000628        0x2 CMakeFiles/STM32F401RC.elf.dir/Core/Src/stm32f4xx_it.c.obj
                0x08000628                UsageFault_Handler
 .text.SVC_Handler
                0x0800062a        0x2 CMakeFiles/STM32F401RC.elf.dir/Core/Src/stm32f4xx_it.c.obj
                0x0800062a                SVC_Handler
 .text.DebugMon_Handler
                0x0800062c        0x2 CMakeFiles/STM32F401RC.elf.dir/Core/Src/stm32f4xx_it.c.obj
                0x0800062c                DebugMon_Handler
 .text.PendSV_Handler
                0x0800062e        0x2 CMakeFiles/STM32F401RC.elf.dir/Core/Src/stm32f4xx_it.c.obj
                0x0800062e                PendSV_Handler
 .text.SysTick_Handler
                0x08000630        0x8 CMakeFiles/STM32F401RC.elf.dir/Core/Src/stm32f4xx_it.c.obj
                0x08000630                SysTick_Handler
 .text.SystemInit
                0x08000638        0x2 CMakeFiles/STM32F401RC.elf.dir/Core/Src/system_stm32f4xx.c.obj
                0x08000638                SystemInit
 *fill*         0x0800063a        0x2 
 .text.HAL_InitTick
                0x0800063c       0x4c CMakeFiles/STM32F401RC.elf.dir/Drivers/STM32F4xx_HAL_Driver/Src/stm32f4xx_hal.c.obj
                0x0800063c                HAL_InitTick
 .text.HAL_Init
                0x08000688       0x34 CMakeFiles/STM32F401RC.elf.dir/Drivers/STM32F4xx_HAL_Driver/Src/stm32f4xx_hal.c.obj
                0x08000688                HAL_Init
 .text.HAL_IncTick
                0x080006bc       0x18 CMakeFiles/STM32F401RC.elf.dir/Drivers/STM32F4xx_HAL_Driver/Src/stm32f4xx_hal.c.obj
                0x080006bc                HAL_IncTick
 .text.HAL_GetTick
                0x080006d4        0xc CMakeFiles/STM32F401RC.elf.dir/Drivers/STM32F4xx_HAL_Driver/Src/stm32f4xx_hal.c.obj
                0x080006d4                HAL_GetTick
 .text.HAL_Delay
                0x080006e0       0x28 CMakeFiles/STM32F401RC.elf.dir/Drivers/STM32F4xx_HAL_Driver/Src/stm32f4xx_hal.c.obj
                0x080006e0                HAL_Delay
 .text.HAL_NVIC_SetPriorityGrouping
                0x08000708       0x24 CMakeFiles/STM32F401RC.elf.dir/Drivers/STM32F4xx_HAL_Driver/Src/stm32f4xx_hal_cortex.c.obj
                0x08000708                HAL_NVIC_SetPriorityGrouping
 .text.HAL_NVIC_SetPriority
                0x0800072c       0x70 CMakeFiles/STM32F401RC.elf.dir/Drivers/STM32F4xx_HAL_Driver/Src/stm32f4xx_hal_cortex.c.obj
                0x0800072c                HAL_NVIC_SetPriority
 .text.HAL_SYSTICK_Config
                0x0800079c       0x28 CMakeFiles/STM32F401RC.elf.dir/Drivers/STM32F4xx_HAL_Driver/Src/stm32f4xx_hal_cortex.c.obj
                0x0800079c                HAL_SYSTICK_Config
 .text.HAL_GPIO_Init
                0x080007c4      0x1c0 CMakeFiles/STM32F401RC.elf.dir/Drivers/STM32F4xx_HAL_Driver/Src/stm32f4xx_hal_gpio.c.obj
                0x080007c4                HAL_GPIO_Init
 .text.HAL_GPIO_WritePin
                0x08000984        0xc CMakeFiles/STM32F401RC.elf.dir/Drivers/STM32F4xx_HAL_Driver/Src/stm32f4xx_hal_gpio.c.obj
                0x08000984                HAL_GPIO_WritePin
 .text.HAL_GPIO_TogglePin
                0x08000990       0x12 CMakeFiles/STM32F401RC.elf.dir/Drivers/STM32F4xx_HAL_Driver/Src/stm32f4xx_hal_gpio.c.obj
                0x08000990                HAL_GPIO_TogglePin
 *fill*         0x080009a2        0x2 
 .text.HAL_RCC_OscConfig
                0x080009a4      0x3f8 CMakeFiles/STM32F401RC.elf.dir/Drivers/STM32F4xx_HAL_Driver/Src/stm32f4xx_hal_rcc.c.obj
                0x080009a4                HAL_RCC_OscConfig
 .text.HAL_RCC_GetSysClockFreq
                0x08000d9c       0xa4 CMakeFiles/STM32F401RC.elf.dir/Drivers/STM32F4xx_HAL_Driver/Src/stm32f4xx_hal_rcc.c.obj
                0x08000d9c                HAL_RCC_GetSysClockFreq
 .text.HAL_RCC_ClockConfig
                0x08000e40      0x160 CMakeFiles/STM32F401RC.elf.dir/Drivers/STM32F4xx_HAL_Driver/Src/stm32f4xx_hal_rcc.c.obj
                0x08000e40                HAL_RCC_ClockConfig
 .text.Reset_Handler
                0x08000fa0       0x50 CMakeFiles/STM32F401RC.elf.dir/startup/startup_stm32f401xc.s.obj
                0x08000fa0                Reset_Handler
 .text.Default_Handler
                0x08000ff0        0x2 CMakeFiles/STM32F401RC.elf.dir/startup/startup_stm32f401xc.s.obj
                0x08000ff0                RTC_Alarm_IRQHandler
                0x08000ff0                EXTI2_IRQHandler
                0x08000ff0                SPI4_IRQHandler
                0x08000ff0                TIM1_CC_IRQHandler
                0x08000ff0                DMA2_Stream5_IRQHandler
                0x08000ff0                DMA1_Stream5_IRQHandler
                0x08000ff0                PVD_IRQHandler
                0x08000ff0                SDIO_IRQHandler
                0x08000ff0                TAMP_STAMP_IRQHandler
                0x08000ff0                EXTI3_IRQHandler
                0x08000ff0                TIM1_UP_TIM10_IRQHandler
                0x08000ff0                I2C3_ER_IRQHandler
                0x08000ff0                EXTI0_IRQHandler
                0x08000ff0                I2C2_EV_IRQHandler
                0x08000ff0                DMA1_Stream2_IRQHandler
                0x08000ff0                FPU_IRQHandler
                0x08000ff0                DMA2_Stream2_IRQHandler
                0x08000ff0                SPI1_IRQHandler
                0x08000ff0                TIM1_BRK_TIM9_IRQHandler
                0x08000ff0                DMA2_Stream3_IRQHandler
                0x08000ff0                USART6_IRQHandler
                0x08000ff0                DMA2_Stream0_IRQHandler
                0x08000ff0                TIM4_IRQHandler
                0x08000ff0                I2C1_EV_IRQHandler
                0x08000ff0                DMA1_Stream6_IRQHandler
                0x08000ff0                DMA1_Stream1_IRQHandler
                0x08000ff0                TIM3_IRQHandler
                0x08000ff0                RCC_IRQHandler
                0x08000ff0                Default_Handler
                0x08000ff0                EXTI15_10_IRQHandler
                0x08000ff0                ADC_IRQHandler
                0x08000ff0                DMA1_Stream7_IRQHandler
                0x08000ff0                TIM5_IRQHandler
                0x08000ff0                DMA2_Stream7_IRQHandler
                0x08000ff0                I2C3_EV_IRQHandler
                0x08000ff0                EXTI9_5_IRQHandler
                0x08000ff0                RTC_WKUP_IRQHandler
                0x08000ff0                SPI2_IRQHandler
                0x08000ff0                DMA1_Stream0_IRQHandler
                0x08000ff0                EXTI4_IRQHandler
                0x08000ff0                WWDG_IRQHandler
                0x08000ff0                TIM2_IRQHandler
                0x08000ff0                OTG_FS_WKUP_IRQHandler
                0x08000ff0                TIM1_TRG_COM_TIM11_IRQHandler
                0x08000ff0                EXTI1_IRQHandler
                0x08000ff0                USART2_IRQHandler
                0x08000ff0                I2C2_ER_IRQHandler
                0x08000ff0                DMA2_Stream1_IRQHandler
                0x08000ff0                FLASH_IRQHandler
                0x08000ff0                DMA2_Stream4_IRQHandler
                0x08000ff0                USART1_IRQHandler
                0x08000ff0                OTG_FS_IRQHandler
                0x08000ff0                SPI3_IRQHandler
                0x08000ff0                DMA1_Stream4_IRQHandler
                0x08000ff0                I2C1_ER_IRQHandler
                0x08000ff0                DMA2_Stream6_IRQHandler
                0x08000ff0                DMA1_Stream3_IRQHandler
 *fill*         0x08000ff2        0x2 
 .text.__libc_init_array
                0x08000ff4       0x48 d:/gcc-arm-none-eabi/bin/../lib/gcc/arm-none-eabi/10.3.1/../../../../arm-none-eabi/lib/thumb/v7e-m/nofp\libg.a(lib_a-init.o)
                0x08000ff4                __libc_init_array
 .text.memset   0x0800103c       0xa4 d:/gcc-arm-none-eabi/bin/../lib/gcc/arm-none-eabi/10.3.1/../../../../arm-none-eabi/lib/thumb/v7e-m/nofp\libg.a(lib_a-memset.o)
                0x0800103c                memset
 .text.startup.register_fini
                0x080010e0       0x14 d:/gcc-arm-none-eabi/bin/../lib/gcc/arm-none-eabi/10.3.1/../../../../arm-none-eabi/lib/thumb/v7e-m/nofp\libg.a(lib_a-__call_atexit.o)
 .text.atexit   0x080010f4        0xc d:/gcc-arm-none-eabi/bin/../lib/gcc/arm-none-eabi/10.3.1/../../../../arm-none-eabi/lib/thumb/v7e-m/nofp\libg.a(lib_a-atexit.o)
                0x080010f4                atexit
 .text.__libc_fini_array
                0x08001100       0x2c d:/gcc-arm-none-eabi/bin/../lib/gcc/arm-none-eabi/10.3.1/../../../../arm-none-eabi/lib/thumb/v7e-m/nofp\libg.a(lib_a-fini.o)
                0x08001100                __libc_fini_array
 .text.__retarget_lock_acquire_recursive
                0x0800112c        0x4 d:/gcc-arm-none-eabi/bin/../lib/gcc/arm-none-eabi/10.3.1/../../../../arm-none-eabi/lib/thumb/v7e-m/nofp\libg.a(lib_a-lock.o)
                0x0800112c                __retarget_lock_acquire_recursive
 .text.__retarget_lock_release_recursive
                0x08001130        0x4 d:/gcc-arm-none-eabi/bin/../lib/gcc/arm-none-eabi/10.3.1/../../../../arm-none-eabi/lib/thumb/v7e-m/nofp\libg.a(lib_a-lock.o)
                0x08001130                __retarget_lock_release_recursive
 .text.__register_exitproc
                0x08001134       0x8c d:/gcc-arm-none-eabi/bin/../lib/gcc/arm-none-eabi/10.3.1/../../../../arm-none-eabi/lib/thumb/v7e-m/nofp\libg.a(lib_a-__atexit.o)
                0x08001134                __register_exitproc
 *(.glue_7)
 .glue_7        0x080011c0        0x0 linker stubs
 *(.glue_7t)
 .glue_7t       0x080011c0        0x0 linker stubs
 *(.eh_frame)
 .eh_frame      0x080011c0        0x0 d:/gcc-arm-none-eabi/bin/../lib/gcc/arm-none-eabi/10.3.1/thumb/v7e-m/nofp/crtbegin.o
 *(.init)
 .init          0x080011c0        0x4 d:/gcc-arm-none-eabi/bin/../lib/gcc/arm-none-eabi/10.3.1/thumb/v7e-m/nofp/crti.o
                0x080011c0                _init
 .init          0x080011c4        0x8 d:/gcc-arm-none-eabi/bin/../lib/gcc/arm-none-eabi/10.3.1/thumb/v7e-m/nofp/crtn.o
 *(.fini)
 .fini          0x080011cc        0x4 d:/gcc-arm-none-eabi/bin/../lib/gcc/arm-none-eabi/10.3.1/thumb/v7e-m/nofp/crti.o
                0x080011cc                _fini
 .fini          0x080011d0        0x8 d:/gcc-arm-none-eabi/bin/../lib/gcc/arm-none-eabi/10.3.1/thumb/v7e-m/nofp/crtn.o
                0x080011d8                . = ALIGN (0x4)
                0x080011d8                _etext = .

.vfp11_veneer   0x080011d8        0x0
 .vfp11_veneer  0x080011d8        0x0 linker stubs

.v4_bx          0x080011d8        0x0
 .v4_bx         0x080011d8        0x0 linker stubs

.iplt           0x080011d8        0x0
 .iplt          0x080011d8        0x0 d:/gcc-arm-none-eabi/bin/../lib/gcc/arm-none-eabi/10.3.1/thumb/v7e-m/nofp/crtbegin.o

.rodata         0x080011d8       0x14
                0x080011d8                . = ALIGN (0x4)
 *(.rodata)
 *(.rodata*)
 .rodata.AHBPrescTable
                0x080011d8       0x10 CMakeFiles/STM32F401RC.elf.dir/Core/Src/system_stm32f4xx.c.obj
                0x080011d8                AHBPrescTable
 .rodata._global_impure_ptr
                0x080011e8        0x4 d:/gcc-arm-none-eabi/bin/../lib/gcc/arm-none-eabi/10.3.1/../../../../arm-none-eabi/lib/thumb/v7e-m/nofp\libg.a(lib_a-impure.o)
                0x080011e8                _global_impure_ptr
                0x080011ec                . = ALIGN (0x4)

.ARM.extab
 *(.ARM.extab* .gnu.linkonce.armextab.*)

.ARM            0x080011ec        0x8
                0x080011ec                __exidx_start = .
 *(.ARM.exidx*)
 .ARM.exidx     0x080011ec        0x8 d:/gcc-arm-none-eabi/bin/../lib/gcc/arm-none-eabi/10.3.1/thumb/v7e-m/nofp\libgcc.a(_udivmoddi4.o)
                0x080011f4                __exidx_end = .

.rel.dyn        0x080011f4        0x0
 .rel.iplt      0x080011f4        0x0 d:/gcc-arm-none-eabi/bin/../lib/gcc/arm-none-eabi/10.3.1/thumb/v7e-m/nofp/crtbegin.o

.preinit_array  0x080011f4        0x0
                0x080011f4                PROVIDE (__preinit_array_start = .)
 *(.preinit_array*)
                0x080011f4                PROVIDE (__preinit_array_end = .)

.init_array     0x080011f4        0x8
                0x080011f4                PROVIDE (__init_array_start = .)
 *(SORT_BY_NAME(.init_array.*))
 .init_array.00000
                0x080011f4        0x4 d:/gcc-arm-none-eabi/bin/../lib/gcc/arm-none-eabi/10.3.1/../../../../arm-none-eabi/lib/thumb/v7e-m/nofp\libg.a(lib_a-__call_atexit.o)
 *(.init_array*)
 .init_array    0x080011f8        0x4 d:/gcc-arm-none-eabi/bin/../lib/gcc/arm-none-eabi/10.3.1/thumb/v7e-m/nofp/crtbegin.o
                0x080011fc                PROVIDE (__init_array_end = .)

.fini_array     0x080011fc        0x4
                0x080011fc                PROVIDE (__fini_array_start = .)
 *(SORT_BY_NAME(.fini_array.*))
 *(.fini_array*)
 .fini_array    0x080011fc        0x4 d:/gcc-arm-none-eabi/bin/../lib/gcc/arm-none-eabi/10.3.1/thumb/v7e-m/nofp/crtbegin.o
                0x08001200                PROVIDE (__fini_array_end = .)
                0x08001200                _sidata = LOADADDR (.data)

.data           0x20000000      0x43c load address 0x08001200
                0x20000000                . = ALIGN (0x4)
                0x20000000                _sdata = .
 *(.data)
 *(.data*)
 .data.SystemCoreClock
                0x20000000        0x4 CMakeFiles/STM32F401RC.elf.dir/Core/Src/system_stm32f4xx.c.obj
                0x20000000                SystemCoreClock
 .data.uwTickFreq
                0x20000004        0x1 CMakeFiles/STM32F401RC.elf.dir/Drivers/STM32F4xx_HAL_Driver/Src/stm32f4xx_hal.c.obj
                0x20000004                uwTickFreq
 *fill*         0x20000005        0x3 
 .data.uwTickPrio
                0x20000008        0x4 CMakeFiles/STM32F401RC.elf.dir/Drivers/STM32F4xx_HAL_Driver/Src/stm32f4xx_hal.c.obj
                0x20000008                uwTickPrio
 *fill*         0x2000000c        0x4 
 .data.impure_data
                0x20000010      0x428 d:/gcc-arm-none-eabi/bin/../lib/gcc/arm-none-eabi/10.3.1/../../../../arm-none-eabi/lib/thumb/v7e-m/nofp\libg.a(lib_a-impure.o)
 .data.__atexit_recursive_mutex
                0x20000438        0x4 d:/gcc-arm-none-eabi/bin/../lib/gcc/arm-none-eabi/10.3.1/../../../../arm-none-eabi/lib/thumb/v7e-m/nofp\libg.a(lib_a-__call_atexit.o)
                0x20000438                __atexit_recursive_mutex
                0x2000043c                . = ALIGN (0x4)
                0x2000043c                _edata = .

.igot.plt       0x2000043c        0x0 load address 0x0800163c
 .igot.plt      0x2000043c        0x0 d:/gcc-arm-none-eabi/bin/../lib/gcc/arm-none-eabi/10.3.1/thumb/v7e-m/nofp/crtbegin.o
                0x2000043c                . = ALIGN (0x4)

.bss            0x2000043c       0x24 load address 0x0800163c
                0x2000043c                _sbss = .
                0x2000043c                __bss_start__ = _sbss
 *(.bss)
 .bss           0x2000043c       0x1c d:/gcc-arm-none-eabi/bin/../lib/gcc/arm-none-eabi/10.3.1/thumb/v7e-m/nofp/crtbegin.o
 *(.bss*)
 .bss.uwTick    0x20000458        0x4 CMakeFiles/STM32F401RC.elf.dir/Drivers/STM32F4xx_HAL_Driver/Src/stm32f4xx_hal.c.obj
                0x20000458                uwTick
 .bss.__lock___atexit_recursive_mutex
                0x2000045c        0x1 d:/gcc-arm-none-eabi/bin/../lib/gcc/arm-none-eabi/10.3.1/../../../../arm-none-eabi/lib/thumb/v7e-m/nofp\libg.a(lib_a-lock.o)
                0x2000045c                __lock___atexit_recursive_mutex
 *(COMMON)
                0x20000460                . = ALIGN (0x4)
 *fill*         0x2000045d        0x3 
                0x20000460                _ebss = .
                0x20000460                __bss_end__ = _ebss

._user_heap_stack
                0x20000460      0x600 load address 0x0800163c
                0x20000460                . = ALIGN (0x8)
                0x20000460                PROVIDE (end = .)
                [!provide]                PROVIDE (_end = .)
                0x20000660                . = (. + _Min_Heap_Size)
 *fill*         0x20000460      0x200 
                0x20000a60                . = (. + _Min_Stack_Size)
 *fill*         0x20000660      0x400 
                0x20000a60                . = ALIGN (0x8)

/DISCARD/
 libc.a(*)
 libm.a(*)
 libgcc.a(*)

.ARM.attributes
                0x00000000       0x2a
 *(.ARM.attributes)
 .ARM.attributes
                0x00000000       0x1e d:/gcc-arm-none-eabi/bin/../lib/gcc/arm-none-eabi/10.3.1/thumb/v7e-m/nofp/crti.o
 .ARM.attributes
                0x0000001e       0x2e d:/gcc-arm-none-eabi/bin/../lib/gcc/arm-none-eabi/10.3.1/thumb/v7e-m/nofp/crtbegin.o
 .ARM.attributes
                0x0000004c       0x2e CMakeFiles/STM32F401RC.elf.dir/Core/Src/gpio.c.obj
 .ARM.attributes
                0x0000007a       0x2e CMakeFiles/STM32F401RC.elf.dir/Core/Src/main.c.obj
 .ARM.attributes
                0x000000a8       0x2e CMakeFiles/STM32F401RC.elf.dir/Core/Src/stm32f4xx_hal_msp.c.obj
 .ARM.attributes
                0x000000d6       0x2e CMakeFiles/STM32F401RC.elf.dir/Core/Src/stm32f4xx_it.c.obj
 .ARM.attributes
                0x00000104       0x2e CMakeFiles/STM32F401RC.elf.dir/Core/Src/system_stm32f4xx.c.obj
 .ARM.attributes
                0x00000132       0x2e CMakeFiles/STM32F401RC.elf.dir/Drivers/STM32F4xx_HAL_Driver/Src/stm32f4xx_hal.c.obj
 .ARM.attributes
                0x00000160       0x2e CMakeFiles/STM32F401RC.elf.dir/Drivers/STM32F4xx_HAL_Driver/Src/stm32f4xx_hal_cortex.c.obj
 .ARM.attributes
                0x0000018e       0x2e CMakeFiles/STM32F401RC.elf.dir/Drivers/STM32F4xx_HAL_Driver/Src/stm32f4xx_hal_gpio.c.obj
 .ARM.attributes
                0x000001bc       0x2e CMakeFiles/STM32F401RC.elf.dir/Drivers/STM32F4xx_HAL_Driver/Src/stm32f4xx_hal_rcc.c.obj
 .ARM.attributes
                0x000001ea       0x21 CMakeFiles/STM32F401RC.elf.dir/startup/startup_stm32f401xc.s.obj
 .ARM.attributes
                0x0000020b       0x1e d:/gcc-arm-none-eabi/bin/../lib/gcc/arm-none-eabi/10.3.1/thumb/v7e-m/nofp\libgcc.a(_aeabi_uldivmod.o)
 .ARM.attributes
                0x00000229       0x2e d:/gcc-arm-none-eabi/bin/../lib/gcc/arm-none-eabi/10.3.1/thumb/v7e-m/nofp\libgcc.a(_udivmoddi4.o)
 .ARM.attributes
                0x00000257       0x1e d:/gcc-arm-none-eabi/bin/../lib/gcc/arm-none-eabi/10.3.1/thumb/v7e-m/nofp\libgcc.a(_dvmd_tls.o)
 .ARM.attributes
                0x00000275       0x2e d:/gcc-arm-none-eabi/bin/../lib/gcc/arm-none-eabi/10.3.1/../../../../arm-none-eabi/lib/thumb/v7e-m/nofp\libg.a(lib_a-impure.o)
 .ARM.attributes
                0x000002a3       0x2e d:/gcc-arm-none-eabi/bin/../lib/gcc/arm-none-eabi/10.3.1/../../../../arm-none-eabi/lib/thumb/v7e-m/nofp\libg.a(lib_a-init.o)
 .ARM.attributes
                0x000002d1       0x2e d:/gcc-arm-none-eabi/bin/../lib/gcc/arm-none-eabi/10.3.1/../../../../arm-none-eabi/lib/thumb/v7e-m/nofp\libg.a(lib_a-memset.o)
 .ARM.attributes
                0x000002ff       0x2e d:/gcc-arm-none-eabi/bin/../lib/gcc/arm-none-eabi/10.3.1/../../../../arm-none-eabi/lib/thumb/v7e-m/nofp\libg.a(lib_a-__call_atexit.o)
 .ARM.attributes
                0x0000032d       0x2e d:/gcc-arm-none-eabi/bin/../lib/gcc/arm-none-eabi/10.3.1/../../../../arm-none-eabi/lib/thumb/v7e-m/nofp\libg.a(lib_a-atexit.o)
 .ARM.attributes
                0x0000035b       0x2e d:/gcc-arm-none-eabi/bin/../lib/gcc/arm-none-eabi/10.3.1/../../../../arm-none-eabi/lib/thumb/v7e-m/nofp\libg.a(lib_a-fini.o)
 .ARM.attributes
                0x00000389       0x2e d:/gcc-arm-none-eabi/bin/../lib/gcc/arm-none-eabi/10.3.1/../../../../arm-none-eabi/lib/thumb/v7e-m/nofp\libg.a(lib_a-lock.o)
 .ARM.attributes
                0x000003b7       0x2e d:/gcc-arm-none-eabi/bin/../lib/gcc/arm-none-eabi/10.3.1/../../../../arm-none-eabi/lib/thumb/v7e-m/nofp\libg.a(lib_a-__atexit.o)
 .ARM.attributes
                0x000003e5       0x1e d:/gcc-arm-none-eabi/bin/../lib/gcc/arm-none-eabi/10.3.1/thumb/v7e-m/nofp/crtn.o
OUTPUT(STM32F401RC.elf elf32-littlearm)
LOAD linker stubs
LOAD d:/gcc-arm-none-eabi/bin/../lib/gcc/arm-none-eabi/10.3.1/../../../../arm-none-eabi/lib/thumb/v7e-m/nofp\libc.a
LOAD d:/gcc-arm-none-eabi/bin/../lib/gcc/arm-none-eabi/10.3.1/../../../../arm-none-eabi/lib/thumb/v7e-m/nofp\libm.a
LOAD d:/gcc-arm-none-eabi/bin/../lib/gcc/arm-none-eabi/10.3.1/thumb/v7e-m/nofp\libgcc.a

.debug_info     0x00000000     0x3f3b
 .debug_info    0x00000000      0x44e CMakeFiles/STM32F401RC.elf.dir/Core/Src/gpio.c.obj
 .debug_info    0x0000044e      0x6a8 CMakeFiles/STM32F401RC.elf.dir/Core/Src/main.c.obj
 .debug_info    0x00000af6      0x2d0 CMakeFiles/STM32F401RC.elf.dir/Core/Src/stm32f4xx_hal_msp.c.obj
 .debug_info    0x00000dc6      0x12f CMakeFiles/STM32F401RC.elf.dir/Core/Src/stm32f4xx_it.c.obj
 .debug_info    0x00000ef5      0x3a9 CMakeFiles/STM32F401RC.elf.dir/Core/Src/system_stm32f4xx.c.obj
 .debug_info    0x0000129e      0x97b CMakeFiles/STM32F401RC.elf.dir/Drivers/STM32F4xx_HAL_Driver/Src/stm32f4xx_hal.c.obj
 .debug_info    0x00001c19     0x1002 CMakeFiles/STM32F401RC.elf.dir/Drivers/STM32F4xx_HAL_Driver/Src/stm32f4xx_hal_cortex.c.obj
 .debug_info    0x00002c1b      0x7d4 CMakeFiles/STM32F401RC.elf.dir/Drivers/STM32F4xx_HAL_Driver/Src/stm32f4xx_hal_gpio.c.obj
 .debug_info    0x000033ef      0xb2a CMakeFiles/STM32F401RC.elf.dir/Drivers/STM32F4xx_HAL_Driver/Src/stm32f4xx_hal_rcc.c.obj
 .debug_info    0x00003f19       0x22 CMakeFiles/STM32F401RC.elf.dir/startup/startup_stm32f401xc.s.obj

.debug_abbrev   0x00000000      0xfa4
 .debug_abbrev  0x00000000      0x14e CMakeFiles/STM32F401RC.elf.dir/Core/Src/gpio.c.obj
 .debug_abbrev  0x0000014e      0x1c2 CMakeFiles/STM32F401RC.elf.dir/Core/Src/main.c.obj
 .debug_abbrev  0x00000310       0xd1 CMakeFiles/STM32F401RC.elf.dir/Core/Src/stm32f4xx_hal_msp.c.obj
 .debug_abbrev  0x000003e1       0x7e CMakeFiles/STM32F401RC.elf.dir/Core/Src/stm32f4xx_it.c.obj
 .debug_abbrev  0x0000045f      0x119 CMakeFiles/STM32F401RC.elf.dir/Core/Src/system_stm32f4xx.c.obj
 .debug_abbrev  0x00000578      0x237 CMakeFiles/STM32F401RC.elf.dir/Drivers/STM32F4xx_HAL_Driver/Src/stm32f4xx_hal.c.obj
 .debug_abbrev  0x000007af      0x36a CMakeFiles/STM32F401RC.elf.dir/Drivers/STM32F4xx_HAL_Driver/Src/stm32f4xx_hal_cortex.c.obj
 .debug_abbrev  0x00000b19      0x1ef CMakeFiles/STM32F401RC.elf.dir/Drivers/STM32F4xx_HAL_Driver/Src/stm32f4xx_hal_gpio.c.obj
 .debug_abbrev  0x00000d08      0x28a CMakeFiles/STM32F401RC.elf.dir/Drivers/STM32F4xx_HAL_Driver/Src/stm32f4xx_hal_rcc.c.obj
 .debug_abbrev  0x00000f92       0x12 CMakeFiles/STM32F401RC.elf.dir/startup/startup_stm32f401xc.s.obj

.debug_aranges  0x00000000      0x398
 .debug_aranges
                0x00000000       0x20 CMakeFiles/STM32F401RC.elf.dir/Core/Src/gpio.c.obj
 .debug_aranges
                0x00000020       0x30 CMakeFiles/STM32F401RC.elf.dir/Core/Src/main.c.obj
 .debug_aranges
                0x00000050       0x20 CMakeFiles/STM32F401RC.elf.dir/Core/Src/stm32f4xx_hal_msp.c.obj
 .debug_aranges
                0x00000070       0x60 CMakeFiles/STM32F401RC.elf.dir/Core/Src/stm32f4xx_it.c.obj
 .debug_aranges
                0x000000d0       0x28 CMakeFiles/STM32F401RC.elf.dir/Core/Src/system_stm32f4xx.c.obj
 .debug_aranges
                0x000000f8       0xf0 CMakeFiles/STM32F401RC.elf.dir/Drivers/STM32F4xx_HAL_Driver/Src/stm32f4xx_hal.c.obj
 .debug_aranges
                0x000001e8       0xa8 CMakeFiles/STM32F401RC.elf.dir/Drivers/STM32F4xx_HAL_Driver/Src/stm32f4xx_hal_cortex.c.obj
 .debug_aranges
                0x00000290       0x58 CMakeFiles/STM32F401RC.elf.dir/Drivers/STM32F4xx_HAL_Driver/Src/stm32f4xx_hal_gpio.c.obj
 .debug_aranges
                0x000002e8       0x88 CMakeFiles/STM32F401RC.elf.dir/Drivers/STM32F4xx_HAL_Driver/Src/stm32f4xx_hal_rcc.c.obj
 .debug_aranges
                0x00000370       0x28 CMakeFiles/STM32F401RC.elf.dir/startup/startup_stm32f401xc.s.obj

.debug_ranges   0x00000000      0x378
 .debug_ranges  0x00000000       0x10 CMakeFiles/STM32F401RC.elf.dir/Core/Src/gpio.c.obj
 .debug_ranges  0x00000010       0x20 CMakeFiles/STM32F401RC.elf.dir/Core/Src/main.c.obj
 .debug_ranges  0x00000030       0x10 CMakeFiles/STM32F401RC.elf.dir/Core/Src/stm32f4xx_hal_msp.c.obj
 .debug_ranges  0x00000040       0x50 CMakeFiles/STM32F401RC.elf.dir/Core/Src/stm32f4xx_it.c.obj
 .debug_ranges  0x00000090       0x18 CMakeFiles/STM32F401RC.elf.dir/Core/Src/system_stm32f4xx.c.obj
 .debug_ranges  0x000000a8       0xe0 CMakeFiles/STM32F401RC.elf.dir/Drivers/STM32F4xx_HAL_Driver/Src/stm32f4xx_hal.c.obj
 .debug_ranges  0x00000188       0xf8 CMakeFiles/STM32F401RC.elf.dir/Drivers/STM32F4xx_HAL_Driver/Src/stm32f4xx_hal_cortex.c.obj
 .debug_ranges  0x00000280       0x48 CMakeFiles/STM32F401RC.elf.dir/Drivers/STM32F4xx_HAL_Driver/Src/stm32f4xx_hal_gpio.c.obj
 .debug_ranges  0x000002c8       0x90 CMakeFiles/STM32F401RC.elf.dir/Drivers/STM32F4xx_HAL_Driver/Src/stm32f4xx_hal_rcc.c.obj
 .debug_ranges  0x00000358       0x20 CMakeFiles/STM32F401RC.elf.dir/startup/startup_stm32f401xc.s.obj

.debug_line     0x00000000     0x2913
 .debug_line    0x00000000      0x1a7 CMakeFiles/STM32F401RC.elf.dir/Core/Src/gpio.c.obj
 .debug_line    0x000001a7      0x323 CMakeFiles/STM32F401RC.elf.dir/Core/Src/main.c.obj
 .debug_line    0x000004ca      0x145 CMakeFiles/STM32F401RC.elf.dir/Core/Src/stm32f4xx_hal_msp.c.obj
 .debug_line    0x0000060f      0x19d CMakeFiles/STM32F401RC.elf.dir/Core/Src/stm32f4xx_it.c.obj
 .debug_line    0x000007ac      0x20d CMakeFiles/STM32F401RC.elf.dir/Core/Src/system_stm32f4xx.c.obj
 .debug_line    0x000009b9      0x575 CMakeFiles/STM32F401RC.elf.dir/Drivers/STM32F4xx_HAL_Driver/Src/stm32f4xx_hal.c.obj
 .debug_line    0x00000f2e      0x788 CMakeFiles/STM32F401RC.elf.dir/Drivers/STM32F4xx_HAL_Driver/Src/stm32f4xx_hal_cortex.c.obj
 .debug_line    0x000016b6      0x6c0 CMakeFiles/STM32F401RC.elf.dir/Drivers/STM32F4xx_HAL_Driver/Src/stm32f4xx_hal_gpio.c.obj
 .debug_line    0x00001d76      0xb0c CMakeFiles/STM32F401RC.elf.dir/Drivers/STM32F4xx_HAL_Driver/Src/stm32f4xx_hal_rcc.c.obj
 .debug_line    0x00002882       0x91 CMakeFiles/STM32F401RC.elf.dir/startup/startup_stm32f401xc.s.obj

.debug_str      0x00000000     0x15db
 .debug_str     0x00000000      0x340 CMakeFiles/STM32F401RC.elf.dir/Core/Src/gpio.c.obj
                                0x390 (size before relaxing)
 .debug_str     0x00000340      0x1fe CMakeFiles/STM32F401RC.elf.dir/Core/Src/main.c.obj
                                0x503 (size before relaxing)
 .debug_str     0x0000053e       0x3c CMakeFiles/STM32F401RC.elf.dir/Core/Src/stm32f4xx_hal_msp.c.obj
                                0x2df (size before relaxing)
 .debug_str     0x0000057a       0xc7 CMakeFiles/STM32F401RC.elf.dir/Core/Src/stm32f4xx_it.c.obj
                                0x241 (size before relaxing)
 .debug_str     0x00000641       0x97 CMakeFiles/STM32F401RC.elf.dir/Core/Src/system_stm32f4xx.c.obj
                                0x345 (size before relaxing)
 .debug_str     0x000006d8      0x708 CMakeFiles/STM32F401RC.elf.dir/Drivers/STM32F4xx_HAL_Driver/Src/stm32f4xx_hal.c.obj
                                0xa1c (size before relaxing)
 .debug_str     0x00000de0      0x4d3 CMakeFiles/STM32F401RC.elf.dir/Drivers/STM32F4xx_HAL_Driver/Src/stm32f4xx_hal_cortex.c.obj
                                0xadc (size before relaxing)
 .debug_str     0x000012b3      0x135 CMakeFiles/STM32F401RC.elf.dir/Drivers/STM32F4xx_HAL_Driver/Src/stm32f4xx_hal_gpio.c.obj
                                0x504 (size before relaxing)
 .debug_str     0x000013e8      0x1b4 CMakeFiles/STM32F401RC.elf.dir/Drivers/STM32F4xx_HAL_Driver/Src/stm32f4xx_hal_rcc.c.obj
                                0x72a (size before relaxing)
 .debug_str     0x0000159c       0x3f CMakeFiles/STM32F401RC.elf.dir/startup/startup_stm32f401xc.s.obj
                                 0x64 (size before relaxing)

.comment        0x00000000       0x49
 .comment       0x00000000       0x49 CMakeFiles/STM32F401RC.elf.dir/Core/Src/gpio.c.obj
                                 0x4a (size before relaxing)
 .comment       0x00000049       0x4a CMakeFiles/STM32F401RC.elf.dir/Core/Src/main.c.obj
 .comment       0x00000049       0x4a CMakeFiles/STM32F401RC.elf.dir/Core/Src/stm32f4xx_hal_msp.c.obj
 .comment       0x00000049       0x4a CMakeFiles/STM32F401RC.elf.dir/Core/Src/stm32f4xx_it.c.obj
 .comment       0x00000049       0x4a CMakeFiles/STM32F401RC.elf.dir/Core/Src/system_stm32f4xx.c.obj
 .comment       0x00000049       0x4a CMakeFiles/STM32F401RC.elf.dir/Drivers/STM32F4xx_HAL_Driver/Src/stm32f4xx_hal.c.obj
 .comment       0x00000049       0x4a CMakeFiles/STM32F401RC.elf.dir/Drivers/STM32F4xx_HAL_Driver/Src/stm32f4xx_hal_cortex.c.obj
 .comment       0x00000049       0x4a CMakeFiles/STM32F401RC.elf.dir/Drivers/STM32F4xx_HAL_Driver/Src/stm32f4xx_hal_gpio.c.obj
 .comment       0x00000049       0x4a CMakeFiles/STM32F401RC.elf.dir/Drivers/STM32F4xx_HAL_Driver/Src/stm32f4xx_hal_rcc.c.obj

.debug_frame    0x00000000      0x94c
 .debug_frame   0x00000000       0x30 CMakeFiles/STM32F401RC.elf.dir/Core/Src/gpio.c.obj
 .debug_frame   0x00000030       0x58 CMakeFiles/STM32F401RC.elf.dir/Core/Src/main.c.obj
 .debug_frame   0x00000088       0x28 CMakeFiles/STM32F401RC.elf.dir/Core/Src/stm32f4xx_hal_msp.c.obj
 .debug_frame   0x000000b0       0xa8 CMakeFiles/STM32F401RC.elf.dir/Core/Src/stm32f4xx_it.c.obj
 .debug_frame   0x00000158       0x30 CMakeFiles/STM32F401RC.elf.dir/Core/Src/system_stm32f4xx.c.obj
 .debug_frame   0x00000188      0x1ec CMakeFiles/STM32F401RC.elf.dir/Drivers/STM32F4xx_HAL_Driver/Src/stm32f4xx_hal.c.obj
 .debug_frame   0x00000374      0x148 CMakeFiles/STM32F401RC.elf.dir/Drivers/STM32F4xx_HAL_Driver/Src/stm32f4xx_hal_cortex.c.obj
 .debug_frame   0x000004bc       0xd8 CMakeFiles/STM32F401RC.elf.dir/Drivers/STM32F4xx_HAL_Driver/Src/stm32f4xx_hal_gpio.c.obj
 .debug_frame   0x00000594      0x16c CMakeFiles/STM32F401RC.elf.dir/Drivers/STM32F4xx_HAL_Driver/Src/stm32f4xx_hal_rcc.c.obj
 .debug_frame   0x00000700       0x2c d:/gcc-arm-none-eabi/bin/../lib/gcc/arm-none-eabi/10.3.1/thumb/v7e-m/nofp\libgcc.a(_aeabi_uldivmod.o)
 .debug_frame   0x0000072c       0x34 d:/gcc-arm-none-eabi/bin/../lib/gcc/arm-none-eabi/10.3.1/thumb/v7e-m/nofp\libgcc.a(_udivmoddi4.o)
 .debug_frame   0x00000760       0x2c d:/gcc-arm-none-eabi/bin/../lib/gcc/arm-none-eabi/10.3.1/../../../../arm-none-eabi/lib/thumb/v7e-m/nofp\libg.a(lib_a-init.o)
 .debug_frame   0x0000078c       0x2c d:/gcc-arm-none-eabi/bin/../lib/gcc/arm-none-eabi/10.3.1/../../../../arm-none-eabi/lib/thumb/v7e-m/nofp\libg.a(lib_a-memset.o)
 .debug_frame   0x000007b8       0x5c d:/gcc-arm-none-eabi/bin/../lib/gcc/arm-none-eabi/10.3.1/../../../../arm-none-eabi/lib/thumb/v7e-m/nofp\libg.a(lib_a-__call_atexit.o)
 .debug_frame   0x00000814       0x20 d:/gcc-arm-none-eabi/bin/../lib/gcc/arm-none-eabi/10.3.1/../../../../arm-none-eabi/lib/thumb/v7e-m/nofp\libg.a(lib_a-atexit.o)
 .debug_frame   0x00000834       0x34 d:/gcc-arm-none-eabi/bin/../lib/gcc/arm-none-eabi/10.3.1/../../../../arm-none-eabi/lib/thumb/v7e-m/nofp\libg.a(lib_a-fini.o)
 .debug_frame   0x00000868       0xb0 d:/gcc-arm-none-eabi/bin/../lib/gcc/arm-none-eabi/10.3.1/../../../../arm-none-eabi/lib/thumb/v7e-m/nofp\libg.a(lib_a-lock.o)
 .debug_frame   0x00000918       0x34 d:/gcc-arm-none-eabi/bin/../lib/gcc/arm-none-eabi/10.3.1/../../../../arm-none-eabi/lib/thumb/v7e-m/nofp\libg.a(lib_a-__atexit.o)

.debug_loc      0x00000000     0x1489
 .debug_loc     0x00000000      0x158 CMakeFiles/STM32F401RC.elf.dir/Core/Src/system_stm32f4xx.c.obj
 .debug_loc     0x00000158      0x141 CMakeFiles/STM32F401RC.elf.dir/Drivers/STM32F4xx_HAL_Driver/Src/stm32f4xx_hal.c.obj
 .debug_loc     0x00000299      0x744 CMakeFiles/STM32F401RC.elf.dir/Drivers/STM32F4xx_HAL_Driver/Src/stm32f4xx_hal_cortex.c.obj
 .debug_loc     0x000009dd      0x520 CMakeFiles/STM32F401RC.elf.dir/Drivers/STM32F4xx_HAL_Driver/Src/stm32f4xx_hal_gpio.c.obj
 .debug_loc     0x00000efd      0x58c CMakeFiles/STM32F401RC.elf.dir/Drivers/STM32F4xx_HAL_Driver/Src/stm32f4xx_hal_rcc.c.obj
